// Jest Snapshot v1, https://goo.gl/fbAQLP

exports[`RequestForm component renders request in the form 1`] = `
<DocumentFragment>
  <div>
    <form
      class="RequestForm"
    >
      <input
        class="url"
        name="url"
        placeholder="URL"
        type="text"
        value="http://"
      />
      <section>
        <div>
          <input
            checked=""
            id="get"
            name="method"
            type="radio"
            value="GET"
          />
          <label
            for="get"
          >
            GET
          </label>
          <input
            id="post"
            name="method"
            type="radio"
            value="POST"
          />
          <label
            for="post"
          >
            POST
          </label>
          <input
            id="put"
            name="method"
            type="radio"
            value="PUT"
          />
          <label
            for="put"
          >
            PUT
          </label>
          <input
            id="patch"
            name="method"
            type="radio"
            value="PATCH"
          />
          <label
            for="patch"
          >
            PATCH
          </label>
          <input
            id="delete"
            name="method"
            type="radio"
            value="DELETE"
          />
          <label
            for="delete"
          >
            DELETE
          </label>
        </div>
      </section>
      <button>
        Submit
      </button>
      <textarea
        name="body"
        placeholder="Raw JSON Body"
      >
        {}
      </textarea>
    </form>
  </div>
</DocumentFragment>
`;
