// Jest Snapshot v1, https://goo.gl/fbAQLP

exports[`HistoryItem component renders a history item 1`] = `
<DocumentFragment>
  <ul
    class="History"
  />
</DocumentFragment>
`;
