// Jest Snapshot v1, https://goo.gl/fbAQLP

exports[`HistoryItem component renders a history item 1`] = `
<DocumentFragment>
  <ul
    id="1"
  >
    <p
      id="1"
    >
      GET
    </p>
    <span
      id="1"
    >
      wwww.url.com
    </span>
  </ul>
</DocumentFragment>
`;
